
/*==========OUTPUT CODE BELOW==========*/
#include <stdio.h>
#include <pthread.h>
typedef int mf_bool;
#define mf_true 1; 
#define mf_false 0; 
void printOut(char *m){printf("%s\n", m);}
void printInt(int m){printf("%d\n", m);}

int main (  );

pthread_mutex_t global_lock;

pthread_cond_t global_cond;

struct global_lock_struct_s{
} global_lock_struct;

pthread_t global_threads [0];
int main (  )
{

{
pthread_mutex_init( & global_lock , NULL);
pthread_cond_init( & global_cond , NULL);
}
 ;
int   x[2] ;
int   y[2] ;
(null) = 1 ;
(null) = 2 ;
(null) = 3 ;
(null) = 4 ;
(null) = 5 ;
(null) = 6 ;
result = (null) + (null) ;
printOut( result ) ;
return 1 ;
}

