
/*==========OUTPUT CODE BELOW==========*/
#include <stdio.h>
#include <pthread.h>
void printOut(char *m){printf("%s\n", m);}
void printInt(int m){printf("%d\n", m);}

int main (  );

pthread_mutex_t global_lock;

pthread_cond_t global_cond;

struct global_lock_struct_s{
} global_lock_struct;

pthread_t global_threads [0];
int main (  )
{

{
pthread_mutex_init( & global_lock , NULL);
pthread_cond_init( & global_cond , NULL);
}
 ;
x = 5 ;
y = 4 ;
z = 3 ;
if(x < 10 )
{
z = x + y + z ;
}

else
{
z = y + z ;
}
 ;
printOut( "should return 21" ) ;
result = x + y + z ;
}

