
/*==========OUTPUT CODE BELOW==========*/
#include <stdio.h>
#include <pthread.h>
void printOut(char *m){printf("%s\n", m);}
void printInt(int m){printf("%d\n", m);}

int main (  );

pthread_mutex_t global_lock;

pthread_cond_t global_cond;

struct global_lock_struct_s{
} global_lock_struct;

pthread_t global_threads [0];
int main (  )
{

{
pthread_mutex_init( & global_lock , NULL);
pthread_cond_init( & global_cond , NULL);
}
 ;
i = 0 ;
x = 0 ;
while(i < 10 )
{
x = i + 1 ;
if(x < 5 )
{
printOut( i ) ;
}

else
{
printOut( "x is greater than 5" ) ;
}
 ;
i ++  ;
}

 ;
return 1 ;
}

