
/*==========OUTPUT CODE BELOW==========*/
#include <stdio.h>
#include <pthread.h>
void printOut(char *m){printf("%s\n", m);}
void printInt(int m){printf("%d\n", m);}

int main (  );

pthread_mutex_t global_lock;

pthread_cond_t global_cond;

struct global_lock_struct_s{
} global_lock_struct;

pthread_t global_threads [2];
struct spawn_struct_args_thread_0{
	int   arg_t0_i;
};

void * main_func_spawn_thread_0 (  void * args_main_func_spawn_thread_0 )
{
struct spawn_struct_args_thread_0* args_t0 = (struct spawn_struct_args_thread_0*) args_main_func_spawn_thread_0;
int   i =  args_t0->arg_t0_i;
 ;
{
i = 0 ;
while(i < 5 )
{
printOut( i ) ;
i ++  ;
}

 ;
}

}
struct spawn_struct_args_thread_1{
	int   arg_t1_j;
};

void * main_func_spawn_thread_1 (  void * args_main_func_spawn_thread_1 )
{
struct spawn_struct_args_thread_1* args_t1 = (struct spawn_struct_args_thread_1*) args_main_func_spawn_thread_1;
int   j =  args_t1->arg_t1_j;
 ;
{
j = 5 ;
while(j < 10 )
{
printOut( j ) ;
j ++  ;
}

 ;
}

}
int main (  )
{

{
pthread_mutex_init( & global_lock , NULL);
pthread_cond_init( & global_cond , NULL);
}
 ;
   ;
   ;
struct spawn_struct_args_thread_0 args_t0_struct;
args_t0_struct.arg_t0_i =   i;
pthread_create(&global_threads[0], NULL, main_func_spawn_thread_0, & args_t0_struct);
 ;
struct spawn_struct_args_thread_1 args_t1_struct;
args_t1_struct.arg_t1_j =   j;
pthread_create(&global_threads[1], NULL, main_func_spawn_thread_1, & args_t1_struct);
 ;
pthread_join(global_threads[0], NULL);
pthread_join(global_threads[1], NULL);
 ;
return 1 ;
}

