
/*==========OUTPUT CODE BELOW==========*/
#include <stdio.h>
#include <pthread.h>
void printOut(char *m){printf("%s\n", m);}
void printInt(int m){printf("%d\n", m);}

int main (  );

pthread_mutex_t global_lock;

pthread_cond_t global_cond;

struct global_lock_struct_s{
} global_lock_struct;

pthread_t global_threads [0];
int main (  )
{

{
pthread_mutex_init( & global_lock , NULL);
pthread_cond_init( & global_cond , NULL);
}
 ;
if(1 == 1 )
{
printOut( "1 = 1, passed" ) ;
}

else
{
printOut( "1 = 1, failed" ) ;
}
 ;
if(1 == 0 )
{
printOut( "1 = 0, failed" ) ;
}

else
{
printOut( "1 = 0, passed" ) ;
}
 ;
return 1 ;
}

